// Jest Snapshot v1, https://goo.gl/fbAQLP

exports[`Tags screen should render NewNoteScreen correctly 1`] = `
<RCTSafeAreaView
  style={
    {
      "backgroundColor": "#ffffff",
      "height": "100%",
      "paddingTop": 50,
      "position": "relative",
    }
  }
  testID="NewNoteScreenTestID"
>
  <View
    onLayout={[Function]}
    style={
      [
        {
          "flexBasis": "0%",
          "flexGrow": 1,
          "flexShrink": 1,
        },
        {
          "paddingBottom": 0,
        },
      ]
    }
  />
</RCTSafeAreaView>
`;
