// Jest Snapshot v1, https://goo.gl/fbAQLP

exports[` 1`] = `
<View
  style={
    [
      {
        "borderRadius": 3,
        "overflow": "hidden",
      },
      {
        "borderRadius": 3,
      },
      undefined,
      false,
    ]
  }
>
  <View
    accessibilityRole="button"
    accessibilityState={
      {
        "busy": false,
        "checked": undefined,
        "disabled": false,
        "expanded": undefined,
        "selected": undefined,
      }
    }
    accessibilityValue={
      {
        "max": undefined,
        "min": undefined,
        "now": undefined,
        "text": undefined,
      }
    }
    accessible={true}
    collapsable={false}
    focusable={true}
    onClick={[Function]}
    onResponderGrant={[Function]}
    onResponderMove={[Function]}
    onResponderRelease={[Function]}
    onResponderTerminate={[Function]}
    onResponderTerminationRequest={[Function]}
    onStartShouldSetResponder={[Function]}
    style={
      {
        "opacity": 1,
      }
    }
    testID="ButtonTestID"
  >
    <View
      style={
        {
          "alignItems": "center",
          "backgroundColor": "#000000",
          "borderColor": "#2089dc",
          "borderRadius": 10,
          "borderWidth": 0,
          "flexDirection": "row",
          "justifyContent": "center",
          "padding": 8,
          "paddingBottom": 12,
          "paddingTop": 12,
        }
      }
    />
  </View>
</View>
`;
